// Jest Snapshot v1, https://goo.gl/fbAQLP

exports[`UpgradeCommandRunner Workspace upgrade should fail when APP_VERSION is not defined 1`] = `[Error: Cannot run upgrade command when APP_VERSION is not defined]`;

exports[`UpgradeCommandRunner Workspace upgrade should fail when workspace version is not defined 1`] = `[Error: WORKSPACE_VERSION_NOT_DEFINED to=2.0.0]`;

exports[`UpgradeCommandRunner Workspace upgrade should fail when workspace version is not equal to fromVersion 1`] = `[Error: WORKSPACE_VERSION_MISSMATCH Upgrade for workspace workspace_0 failed as its version is beneath fromWorkspaceVersion=2.0.0]`;

exports[`UpgradeCommandRunner should run upgrade command with failing and successful workspaces 1`] = `[Error: WORKSPACE_VERSION_MISSMATCH Upgrade for workspace outated_version_workspace failed as its version is beneath fromWorkspaceVersion=1.0.0]`;

exports[`UpgradeCommandRunner should run upgrade command with failing and successful workspaces 2`] = `[Error: Received invalid version: invalid 1.0.0]`;

exports[`UpgradeCommandRunner should run upgrade command with failing and successful workspaces 3`] = `[Error: WORKSPACE_VERSION_NOT_DEFINED to=2.0.0]`;
